// Jest Snapshot v1, https://goo.gl/fbAQLP

exports[`renders correctly 1`] = `
<svg
  fill="none"
  height="8"
  viewBox="0 0 15 8"
  width="15"
  xmlns="http://www.w3.org/2000/svg"
>
  <path
    d="M1.48242 1L7.48242 7L13.4824 1"
    stroke="#4F4F4F"
    strokeLinecap="round"
    strokeLinejoin="round"
    strokeWidth="2"
  />
</svg>
`;
