// Jest Snapshot v1, https://goo.gl/fbAQLP

exports[`renders correctly 1`] = `
.c0.enter {
  -webkit-transform: rotate(0deg);
  -ms-transform: rotate(0deg);
  transform: rotate(0deg);
}

.c0.enter-active {
  -webkit-transform: rotate(180deg);
  -ms-transform: rotate(180deg);
  transform: rotate(180deg);
  -webkit-transition: -webkit-transform 250ms;
  -webkit-transition: transform 250ms;
  transition: transform 250ms;
}

.c0.enter-done {
  -webkit-transform: rotate(180deg);
  -ms-transform: rotate(180deg);
  transform: rotate(180deg);
}

.c0.exit {
  -webkit-transform: rotate(180deg);
  -ms-transform: rotate(180deg);
  transform: rotate(180deg);
}

.c0.exit-active {
  -webkit-transform: rotate(0deg);
  -ms-transform: rotate(0deg);
  transform: rotate(0deg);
  -webkit-transition: -webkit-transform 250ms;
  -webkit-transition: transform 250ms;
  transition: transform 250ms;
}

<svg
  className="c0"
  fill="none"
  height="8"
  viewBox="0 0 15 8"
  width="15"
  xmlns="http://www.w3.org/2000/svg"
>
  <path
    d="M1.48242 1L7.48242 7L13.4824 1"
    stroke="#4F4F4F"
    strokeLinecap="round"
    strokeLinejoin="round"
    strokeWidth="2"
  />
</svg>
`;
