// Jest Snapshot v1, https://goo.gl/fbAQLP

exports[`renders correctly 1`] = `
.c1 {
  -webkit-letter-spacing: -0.3px;
  -moz-letter-spacing: -0.3px;
  -ms-letter-spacing: -0.3px;
  letter-spacing: -0.3px;
  font-weight: bold;
  font-size: 0.9em;
  margin-bottom: 0.5rem;
  color: #56ccf2;
}

.c0 {
  display: -webkit-box;
  display: -webkit-flex;
  display: -ms-flexbox;
  display: flex;
  -webkit-align-items: center;
  -webkit-box-align: center;
  -ms-flex-align: center;
  align-items: center;
  padding: 1.5em 3em;
  border-bottom: 1px solid #56ccf2;
}

<header
  className="c0"
>
  <div>
    important text
    <div
      className="c1"
    >
      ID:1 - Version 1
    </div>
  </div>
</header>
`;
