// Jest Snapshot v1, https://goo.gl/fbAQLP

exports[`renders correctly 1`] = `
.c1 {
  margin: 3em;
}

.c2 {
  -webkit-letter-spacing: -0.3px;
  -moz-letter-spacing: -0.3px;
  -ms-letter-spacing: -0.3px;
  letter-spacing: -0.3px;
  font-weight: bold;
  font-size: 0.9em;
  margin-bottom: 0.5em;
  color: #56ccf2;
}

.c0 {
  display: -webkit-box;
  display: -webkit-flex;
  display: -ms-flexbox;
  display: flex;
  -webkit-align-items: center;
  -webkit-box-align: center;
  -ms-flex-align: center;
  align-items: center;
  border-bottom: 1px solid #56ccf2;
}

<header
  className="c0"
>
  <svg
    className="c1"
    fill="none"
    height="21"
    viewBox="0 0 51 21"
    width="51"
    xmlns="http://www.w3.org/2000/svg"
  >
    <path
      d="M47.111 0L30.483 15.9948C27.8207 9.20742 20.5304 5.18777 13.0963 6.40841C5.66223 7.62905 0.170853 13.7474 0 21H5.50501C5.69649 15.8218 10.021 11.669 15.4045 11.4937C20.788 11.3183 25.3946 15.1802 25.9498 20.3341L25.8961 20.3964C25.9831 20.6279 25.9998 20.8219 26.0053 21H32.9745L51 3.70002L47.111 0Z"
      fill="#161631"
    />
  </svg>
  <div>
    important text
    <div
      className="c2"
    >
      ID:1 - Version 1
    </div>
  </div>
</header>
`;
